LX51 LINKER/LOCATER V3.64                                                               09/01/2006  16:15:05  PAGE 1


LX51 LINKER/LOCATER V3.64, INVOKED BY:
C:\KEIL\C51\BIN\LX51.EXE INST390.obj TO INST390 RTX51 CLASSES (XDATA (X:0X0-X:0XFFFF), HDATA (X:0X0-X:0X3FFFF), CODE (C:
>> 0X0-C:0XFFFF), ECODE (C:0X0-C:0X1FFFF), HCONST (C:0X0-C:0X1FFFF))


CPU MODE:     DALLAS CONTIGIOUS MODE


INPUT MODULES INCLUDED:
  INST390.obj (INST390)
         COMMENT TYPE 0: AX51 V2.13


ACTIVE MEMORY CLASSES OF MODULE:  INST390 (INST390)

BASE        START       END         USED      MEMORY CLASS
==========================================================
X:000000H   X:000000H   X:00FFFFH             XDATA
X:000000H   X:000000H   X:03FFFFH   000028H   HDATA
C:000000H   C:000000H   C:00FFFFH   000003H   CODE
C:000000H   C:000000H   C:01FFFFH   00003BH   ECODE
C:000000H   C:000000H   C:01FFFFH   000014H   HCONST
I:000000H   I:000000H   I:00FFFFH   000064H   EDATA
I:000000H   I:000000H   I:00007FH   000008H   DATA


MEMORY MAP OF MODULE:  INST390 (INST390)


START     STOP      LENGTH    ALIGN  RELOC    MEMORY CLASS   SEGMENT NAME
=========================================================================

* * * * * * * * * * *   D A T A   M E M O R Y   * * * * * * * * * * * * *
000000H   000007H   000008H   ---    AT..     DATA           "REG BANK 0"
000008H   00006BH   000064H   BYTE   UNIT     EDATA          ?ED?STACK

* * * * * * * * * * *   C O D E   M E M O R Y   * * * * * * * * * * * * *
000000H   000002H   000003H   ---    OFFS..   CODE           ?CO?INST390?5
000003H   000016H   000014H   BYTE   UNIT     HCONST         ?FD?FAR_CONST
000017H   0007FFH   0007E9H   ---    ---      **GAP**
000800H   00083AH   00003BH   BYTE   INBLOCK  ECODE          ?PR?MYCODE

* * * * * * * * * * *  X D A T A   M E M O R Y  * * * * * * * * * * * * *
000000H   000027H   000028H   BYTE   UNIT     HDATA          ?FD?FAR_DATA



PUBLIC SYMBOLS OF MODULE:  INST390 (INST390)


      VALUE       CLASS    TYPE      PUBLIC SYMBOL NAME
      =================================================
      00000081H   NUMBER   ---       ?C?CODEMTYPE
      00000000H   NUMBER   ---       ?C?CODESEG
      00000001H   NUMBER   ---       ?C?XDATAMTYPE
      00000000H   NUMBER   ---       ?C?XDATASEG
*SFR* 000000D0H.6 DATA     BIT       AC
*SFR* 000000E0H   DATA     BYTE      ACC
*SFR* 0000009DH   DATA     BYTE      ACON
*SFR* 0000009CH   DATA     BYTE      AP
*SFR* 000000F0H   DATA     BYTE      B
*SFR* 000000A3H   DATA     BYTE      C0C
*SFR* 000000E8H.6 DATA     BIT       C0IE
*SFR* 000000F8H.6 DATA     BIT       C0IP
*SFR* 000000A5H   DATA     BYTE      C0IR
*SFR* 000000B7H   DATA     BYTE      C0M10C
LX51 LINKER/LOCATER V3.64                                                             09/01/2006  16:15:05  PAGE 2


*SFR* 000000BBH   DATA     BYTE      C0M11C
*SFR* 000000BCH   DATA     BYTE      C0M12C
*SFR* 000000BDH   DATA     BYTE      C0M13C
*SFR* 000000BEH   DATA     BYTE      C0M14C
*SFR* 000000BFH   DATA     BYTE      C0M15C
*SFR* 000000ABH   DATA     BYTE      C0M1C
*SFR* 000000ACH   DATA     BYTE      C0M2C
*SFR* 000000ADH   DATA     BYTE      C0M3C
*SFR* 000000AEH   DATA     BYTE      C0M4C
*SFR* 000000AFH   DATA     BYTE      C0M5C
*SFR* 000000B3H   DATA     BYTE      C0M6C
*SFR* 000000B4H   DATA     BYTE      C0M7C
*SFR* 000000B5H   DATA     BYTE      C0M8C
*SFR* 000000B6H   DATA     BYTE      C0M9C
*SFR* 000000A7H   DATA     BYTE      C0RE
*SFR* 00000096H   DATA     BYTE      C0RMS0
*SFR* 00000097H   DATA     BYTE      C0RMS1
*SFR* 000000A4H   DATA     BYTE      C0S
*SFR* 000000A6H   DATA     BYTE      C0TE
*SFR* 0000009EH   DATA     BYTE      C0TMA0
*SFR* 0000009FH   DATA     BYTE      C0TMA1
*SFR* 000000E3H   DATA     BYTE      C1C
*SFR* 000000E8H.5 DATA     BIT       C1IE
*SFR* 000000F8H.5 DATA     BIT       C1IP
*SFR* 000000E5H   DATA     BYTE      C1IR
*SFR* 000000F7H   DATA     BYTE      C1M10C
*SFR* 000000FBH   DATA     BYTE      C1M11C
*SFR* 000000FCH   DATA     BYTE      C1M12C
*SFR* 000000FDH   DATA     BYTE      C1M13C
*SFR* 000000FEH   DATA     BYTE      C1M14C
*SFR* 000000FFH   DATA     BYTE      C1M15C
*SFR* 000000EBH   DATA     BYTE      C1M1C
*SFR* 000000ECH   DATA     BYTE      C1M2C
*SFR* 000000EDH   DATA     BYTE      C1M3C
*SFR* 000000EEH   DATA     BYTE      C1M4C
*SFR* 000000EFH   DATA     BYTE      C1M5C
*SFR* 000000F3H   DATA     BYTE      C1M6C
*SFR* 000000F4H   DATA     BYTE      C1M7C
*SFR* 000000F5H   DATA     BYTE      C1M8C
*SFR* 000000F6H   DATA     BYTE      C1M9C
*SFR* 000000E7H   DATA     BYTE      C1RE
*SFR* 000000D6H   DATA     BYTE      C1RMS0
*SFR* 000000D7H   DATA     BYTE      C1RMS1
*SFR* 000000E4H   DATA     BYTE      C1S
*SFR* 000000E6H   DATA     BYTE      C1TE
*SFR* 000000DEH   DATA     BYTE      C1TMA0
*SFR* 000000DFH   DATA     BYTE      C1TMA1
*SFR* 000000C8H.1 DATA     BIT       C_T2
*SFR* 000000E8H.7 DATA     BIT       CANBIE
*SFR* 000000F8H.7 DATA     BIT       CANBIP
*SFR* 0000008EH   DATA     BYTE      CKCON
*SFR* 000000CEH   DATA     BYTE      COR
*SFR* 000000C8H   DATA     BIT       CP_RL2
*SFR* 000000D0H.7 DATA     BIT       CY
*SFR* 00000083H   DATA     BYTE      DPH
*SFR* 00000085H   DATA     BYTE      DPH1
*SFR* 00000082H   DATA     BYTE      DPL
*SFR* 00000084H   DATA     BYTE      DPL1
*SFR* 00000086H   DATA     BYTE      DPS
*SFR* 00000093H   DATA     BYTE      DPX
*SFR* 00000095H   DATA     BYTE      DPX1
*SFR* 000000A8H.7 DATA     BIT       EA
*SFR* 000000E8H   DATA     BYTE      EIE
*SFR* 000000F8H   DATA     BYTE      EIP
*SFR* 000000D8H.5 DATA     BIT       EPF1
LX51 LINKER/LOCATER V3.64                                                             09/01/2006  16:15:05  PAGE 3


*SFR* 000000A8H.4 DATA     BIT       ES0
*SFR* 000000A8H.6 DATA     BIT       ES1
*SFR* 0000009BH   DATA     BYTE      ESP
*SFR* 000000A8H.1 DATA     BIT       ET0
*SFR* 000000A8H.3 DATA     BIT       ET1
*SFR* 000000A8H.5 DATA     BIT       ET2
*SFR* 000000E8H.4 DATA     BIT       EWDI
*SFR* 000000D8H.1 DATA     BIT       EWT
*SFR* 000000A8H   DATA     BIT       EX0
*SFR* 000000A8H.2 DATA     BIT       EX1
*SFR* 000000E8H   DATA     BIT       EX2
*SFR* 000000E8H.1 DATA     BIT       EX3
*SFR* 000000E8H.2 DATA     BIT       EX4
*SFR* 000000E8H.3 DATA     BIT       EX5
*SFR* 000000C8H.3 DATA     BIT       EXEN2
*SFR* 000000C8H.6 DATA     BIT       EXF2
*SFR* 00000091H   DATA     BYTE      EXIF
*SFR* 000000D0H.5 DATA     BIT       F0
*SFR* 000000D0H.1 DATA     BIT       F1
      01000829H   ECODE    NEAR LAB  FUNC1
*SFR* 000000A8H   DATA     BYTE      IE
*SFR* 00000088H.1 DATA     BIT       IE0
*SFR* 00000088H.3 DATA     BIT       IE1
*SFR* 000000B8H   DATA     BYTE      IP
*SFR* 00000088H   DATA     BIT       IT0
*SFR* 00000088H.2 DATA     BIT       IT1
*SFR* 000000D3H   DATA     BYTE      MA
*SFR* 000000D4H   DATA     BYTE      MB
*SFR* 000000D5H   DATA     BYTE      MC
*SFR* 000000D1H   DATA     BYTE      MCNT0
*SFR* 000000D2H   DATA     BYTE      MCNT1
*SFR* 000000C6H   DATA     BYTE      MCON
*SFR* 000000EAH   DATA     BYTE      MXAX
*SFR* 000000D0H.2 DATA     BIT       OV
*SFR* 000000D0H   DATA     BIT       P
*SFR* 00000090H   DATA     BYTE      P1
*SFR* 00000090H   DATA     BIT       P1_0
*SFR* 00000090H.1 DATA     BIT       P1_1
*SFR* 00000090H.2 DATA     BIT       P1_2
*SFR* 00000090H.3 DATA     BIT       P1_3
*SFR* 00000090H.4 DATA     BIT       P1_4
*SFR* 00000090H.5 DATA     BIT       P1_5
*SFR* 00000090H.6 DATA     BIT       P1_6
*SFR* 00000090H.7 DATA     BIT       P1_7
*SFR* 000000A0H   DATA     BYTE      P2
*SFR* 000000A0H   DATA     BIT       P2_0
*SFR* 000000A0H.1 DATA     BIT       P2_1
*SFR* 000000A0H.2 DATA     BIT       P2_2
*SFR* 000000A0H.3 DATA     BIT       P2_3
*SFR* 000000A0H.4 DATA     BIT       P2_4
*SFR* 000000A0H.5 DATA     BIT       P2_5
*SFR* 000000A0H.6 DATA     BIT       P2_6
*SFR* 000000A0H.7 DATA     BIT       P2_7
*SFR* 000000B0H   DATA     BYTE      P3
*SFR* 000000B0H   DATA     BIT       P3_0
*SFR* 000000B0H.1 DATA     BIT       P3_1
*SFR* 000000B0H.2 DATA     BIT       P3_2
*SFR* 000000B0H.3 DATA     BIT       P3_3
*SFR* 000000B0H.4 DATA     BIT       P3_4
*SFR* 000000B0H.5 DATA     BIT       P3_5
*SFR* 000000B0H.6 DATA     BIT       P3_6
*SFR* 000000B0H.7 DATA     BIT       P3_7
*SFR* 00000080H   DATA     BYTE      P4
*SFR* 00000080H   DATA     BIT       P4_0
*SFR* 00000080H.1 DATA     BIT       P4_1
LX51 LINKER/LOCATER V3.64                                                             09/01/2006  16:15:05  PAGE 4


*SFR* 00000080H.2 DATA     BIT       P4_2
*SFR* 00000080H.3 DATA     BIT       P4_3
*SFR* 00000080H.4 DATA     BIT       P4_4
*SFR* 00000080H.5 DATA     BIT       P4_5
*SFR* 00000080H.6 DATA     BIT       P4_6
*SFR* 00000080H.7 DATA     BIT       P4_7
*SFR* 00000092H   DATA     BYTE      P4CNT
*SFR* 000000A1H   DATA     BYTE      P5
*SFR* 000000A2H   DATA     BYTE      P5CNT
*SFR* 00000087H   DATA     BYTE      PCON
*SFR* 000000D8H.4 DATA     BIT       PF1
*SFR* 000000C4H   DATA     BYTE      PMR
*SFR* 000000D8H.6 DATA     BIT       POR
*SFR* 000000B8H.4 DATA     BIT       PS0
*SFR* 000000B8H.6 DATA     BIT       PS1
*SFR* 000000D0H   DATA     BYTE      PSW
*SFR* 000000B8H.1 DATA     BIT       PT0
*SFR* 000000B8H.3 DATA     BIT       PT1
*SFR* 000000B8H.5 DATA     BIT       PT2
*SFR* 000000F8H.4 DATA     BIT       PWDI
*SFR* 000000B8H   DATA     BIT       PX0
*SFR* 000000B8H.2 DATA     BIT       PX1
*SFR* 000000F8H   DATA     BIT       PX2
*SFR* 000000F8H.1 DATA     BIT       PX3
*SFR* 000000F8H.2 DATA     BIT       PX4
*SFR* 000000F8H.3 DATA     BIT       PX5
*SFR* 00000098H.2 DATA     BIT       RB8
*SFR* 000000C0H.2 DATA     BIT       RB81
*SFR* 000000CBH   DATA     BYTE      RCAP2H
*SFR* 000000CAH   DATA     BYTE      RCAP2L
*SFR* 000000C8H.5 DATA     BIT       RCLK
*SFR* 00000098H.4 DATA     BIT       REN
*SFR* 000000C0H.4 DATA     BIT       REN1
      01000800H   ECODE    NEAR LAB  RESET
*SFR* 00000098H   DATA     BIT       RI
*SFR* 000000C0H   DATA     BIT       RI1
*SFR* 000000D0H.3 DATA     BIT       RS0
*SFR* 000000D0H.4 DATA     BIT       RS1
*SFR* 000000D8H   DATA     BIT       RWT
*SFR* 000000A9H   DATA     BYTE      SADDR0
*SFR* 000000AAH   DATA     BYTE      SADDR1
*SFR* 000000B9H   DATA     BYTE      SADEN0
*SFR* 000000BAH   DATA     BYTE      SADEN1
*SFR* 00000099H   DATA     BYTE      SBUF0
*SFR* 000000C1H   DATA     BYTE      SBUF1
*SFR* 00000098H   DATA     BYTE      SCON0
*SFR* 000000C0H   DATA     BYTE      SCON1
*SFR* 00000098H.7 DATA     BIT       SM0
*SFR* 000000C0H.7 DATA     BIT       SM01
*SFR* 00000098H.6 DATA     BIT       SM1
*SFR* 000000C0H.6 DATA     BIT       SM11
*SFR* 00000098H.5 DATA     BIT       SM2
*SFR* 000000C0H.5 DATA     BIT       SM21
*SFR* 000000D8H.7 DATA     BIT       SMOD_1
*SFR* 00000081H   DATA     BYTE      SP
*SFR* 000000C5H   DATA     BYTE      STATUS
*SFR* 000000C8H   DATA     BYTE      T2CON
*SFR* 000000C9H   DATA     BYTE      T2MOD
*SFR* 000000C7H   DATA     BYTE      TA
*SFR* 00000098H.3 DATA     BIT       TB8
*SFR* 000000C0H.3 DATA     BIT       TB81
*SFR* 000000C8H.4 DATA     BIT       TCLK
*SFR* 00000088H   DATA     BYTE      TCON
*SFR* 00000088H.5 DATA     BIT       TF0
*SFR* 00000088H.7 DATA     BIT       TF1
LX51 LINKER/LOCATER V3.64                                                             09/01/2006  16:15:05  PAGE 5


*SFR* 000000C8H.7 DATA     BIT       TF2
*SFR* 0000008CH   DATA     BYTE      TH0
*SFR* 0000008DH   DATA     BYTE      TH1
*SFR* 000000CDH   DATA     BYTE      TH2
*SFR* 00000098H.1 DATA     BIT       TI
*SFR* 000000C0H.1 DATA     BIT       TI1
*SFR* 0000008AH   DATA     BYTE      TL0
*SFR* 0000008BH   DATA     BYTE      TL1
*SFR* 000000CCH   DATA     BYTE      TL2
*SFR* 00000089H   DATA     BYTE      TMOD
*SFR* 00000088H.4 DATA     BIT       TR0
*SFR* 00000088H.6 DATA     BIT       TR1
*SFR* 000000C8H.2 DATA     BIT       TR2
*SFR* 000000D8H   DATA     BYTE      WDCON
*SFR* 000000D8H.3 DATA     BIT       WDIF
*SFR* 000000D8H.2 DATA     BIT       WTRF



SYMBOL TABLE OF MODULE:  INST390 (INST390)

      VALUE       REP       CLASS    TYPE      SYMBOL NAME
      ====================================================
      ---         MODULE    ---      ---       INST390
      01000829H   PUBLIC    ECODE    NEAR LAB  FUNC1
      01000800H   PUBLIC    ECODE    NEAR LAB  RESET
      000000D0H.6 SFRSYM    DATA     BIT       AC
      000000E0H   SFRSYM    DATA     BYTE      ACC
      0000009DH   SFRSYM    DATA     BYTE      ACON
      0000009CH   SFRSYM    DATA     BYTE      AP
      000000F0H   SFRSYM    DATA     BYTE      B
      000000A3H   SFRSYM    DATA     BYTE      C0C
      000000E8H.6 SFRSYM    DATA     BIT       C0IE
      000000F8H.6 SFRSYM    DATA     BIT       C0IP
      000000A5H   SFRSYM    DATA     BYTE      C0IR
      000000B7H   SFRSYM    DATA     BYTE      C0M10C
      000000BBH   SFRSYM    DATA     BYTE      C0M11C
      000000BCH   SFRSYM    DATA     BYTE      C0M12C
      000000BDH   SFRSYM    DATA     BYTE      C0M13C
      000000BEH   SFRSYM    DATA     BYTE      C0M14C
      000000BFH   SFRSYM    DATA     BYTE      C0M15C
      000000ABH   SFRSYM    DATA     BYTE      C0M1C
      000000ACH   SFRSYM    DATA     BYTE      C0M2C
      000000ADH   SFRSYM    DATA     BYTE      C0M3C
      000000AEH   SFRSYM    DATA     BYTE      C0M4C
      000000AFH   SFRSYM    DATA     BYTE      C0M5C
      000000B3H   SFRSYM    DATA     BYTE      C0M6C
      000000B4H   SFRSYM    DATA     BYTE      C0M7C
      000000B5H   SFRSYM    DATA     BYTE      C0M8C
      000000B6H   SFRSYM    DATA     BYTE      C0M9C
      000000A7H   SFRSYM    DATA     BYTE      C0RE
      00000096H   SFRSYM    DATA     BYTE      C0RMS0
      00000097H   SFRSYM    DATA     BYTE      C0RMS1
      000000A4H   SFRSYM    DATA     BYTE      C0S
      000000A6H   SFRSYM    DATA     BYTE      C0TE
      0000009EH   SFRSYM    DATA     BYTE      C0TMA0
      0000009FH   SFRSYM    DATA     BYTE      C0TMA1
      000000E3H   SFRSYM    DATA     BYTE      C1C
      000000E8H.5 SFRSYM    DATA     BIT       C1IE
      000000F8H.5 SFRSYM    DATA     BIT       C1IP
      000000E5H   SFRSYM    DATA     BYTE      C1IR
      000000F7H   SFRSYM    DATA     BYTE      C1M10C
      000000FBH   SFRSYM    DATA     BYTE      C1M11C
      000000FCH   SFRSYM    DATA     BYTE      C1M12C
      000000FDH   SFRSYM    DATA     BYTE      C1M13C
LX51 LINKER/LOCATER V3.64                                                             09/01/2006  16:15:05  PAGE 6


      000000FEH   SFRSYM    DATA     BYTE      C1M14C
      000000FFH   SFRSYM    DATA     BYTE      C1M15C
      000000EBH   SFRSYM    DATA     BYTE      C1M1C
      000000ECH   SFRSYM    DATA     BYTE      C1M2C
      000000EDH   SFRSYM    DATA     BYTE      C1M3C
      000000EEH   SFRSYM    DATA     BYTE      C1M4C
      000000EFH   SFRSYM    DATA     BYTE      C1M5C
      000000F3H   SFRSYM    DATA     BYTE      C1M6C
      000000F4H   SFRSYM    DATA     BYTE      C1M7C
      000000F5H   SFRSYM    DATA     BYTE      C1M8C
      000000F6H   SFRSYM    DATA     BYTE      C1M9C
      000000E7H   SFRSYM    DATA     BYTE      C1RE
      000000D6H   SFRSYM    DATA     BYTE      C1RMS0
      000000D7H   SFRSYM    DATA     BYTE      C1RMS1
      000000E4H   SFRSYM    DATA     BYTE      C1S
      000000E6H   SFRSYM    DATA     BYTE      C1TE
      000000DEH   SFRSYM    DATA     BYTE      C1TMA0
      000000DFH   SFRSYM    DATA     BYTE      C1TMA1
      000000C8H.1 SFRSYM    DATA     BIT       C_T2
      000000E8H.7 SFRSYM    DATA     BIT       CANBIE
      000000F8H.7 SFRSYM    DATA     BIT       CANBIP
      0000008EH   SFRSYM    DATA     BYTE      CKCON
      000000CEH   SFRSYM    DATA     BYTE      COR
      000000C8H   SFRSYM    DATA     BIT       CP_RL2
      000000D0H.7 SFRSYM    DATA     BIT       CY
      00000083H   SFRSYM    DATA     BYTE      DPH
      00000085H   SFRSYM    DATA     BYTE      DPH1
      00000082H   SFRSYM    DATA     BYTE      DPL
      00000084H   SFRSYM    DATA     BYTE      DPL1
      00000086H   SFRSYM    DATA     BYTE      DPS
      00000093H   SFRSYM    DATA     BYTE      DPX
      00000095H   SFRSYM    DATA     BYTE      DPX1
      000000A8H.7 SFRSYM    DATA     BIT       EA
      000000E8H   SFRSYM    DATA     BYTE      EIE
      000000F8H   SFRSYM    DATA     BYTE      EIP
      000000D8H.5 SFRSYM    DATA     BIT       EPF1
      000000A8H.4 SFRSYM    DATA     BIT       ES0
      000000A8H.6 SFRSYM    DATA     BIT       ES1
      0000009BH   SFRSYM    DATA     BYTE      ESP
      000000A8H.1 SFRSYM    DATA     BIT       ET0
      000000A8H.3 SFRSYM    DATA     BIT       ET1
      000000A8H.5 SFRSYM    DATA     BIT       ET2
      000000E8H.4 SFRSYM    DATA     BIT       EWDI
      000000D8H.1 SFRSYM    DATA     BIT       EWT
      000000A8H   SFRSYM    DATA     BIT       EX0
      000000A8H.2 SFRSYM    DATA     BIT       EX1
      000000E8H   SFRSYM    DATA     BIT       EX2
      000000E8H.1 SFRSYM    DATA     BIT       EX3
      000000E8H.2 SFRSYM    DATA     BIT       EX4
      000000E8H.3 SFRSYM    DATA     BIT       EX5
      000000C8H.3 SFRSYM    DATA     BIT       EXEN2
      000000C8H.6 SFRSYM    DATA     BIT       EXF2
      00000091H   SFRSYM    DATA     BYTE      EXIF
      000000D0H.5 SFRSYM    DATA     BIT       F0
      000000D0H.1 SFRSYM    DATA     BIT       F1
      000000A8H   SFRSYM    DATA     BYTE      IE
      00000088H.1 SFRSYM    DATA     BIT       IE0
      00000088H.3 SFRSYM    DATA     BIT       IE1
      000000B8H   SFRSYM    DATA     BYTE      IP
      00000088H   SFRSYM    DATA     BIT       IT0
      00000088H.2 SFRSYM    DATA     BIT       IT1
      000000D3H   SFRSYM    DATA     BYTE      MA
      000000D4H   SFRSYM    DATA     BYTE      MB
      000000D5H   SFRSYM    DATA     BYTE      MC
      000000D1H   SFRSYM    DATA     BYTE      MCNT0
LX51 LINKER/LOCATER V3.64                                                             09/01/2006  16:15:05  PAGE 7


      000000D2H   SFRSYM    DATA     BYTE      MCNT1
      000000C6H   SFRSYM    DATA     BYTE      MCON
      000000EAH   SFRSYM    DATA     BYTE      MXAX
      000000D0H.2 SFRSYM    DATA     BIT       OV
      000000D0H   SFRSYM    DATA     BIT       P
      00000090H   SFRSYM    DATA     BYTE      P1
      00000090H   SFRSYM    DATA     BIT       P1_0
      00000090H.1 SFRSYM    DATA     BIT       P1_1
      00000090H.2 SFRSYM    DATA     BIT       P1_2
      00000090H.3 SFRSYM    DATA     BIT       P1_3
      00000090H.4 SFRSYM    DATA     BIT       P1_4
      00000090H.5 SFRSYM    DATA     BIT       P1_5
      00000090H.6 SFRSYM    DATA     BIT       P1_6
      00000090H.7 SFRSYM    DATA     BIT       P1_7
      000000A0H   SFRSYM    DATA     BYTE      P2
      000000A0H   SFRSYM    DATA     BIT       P2_0
      000000A0H.1 SFRSYM    DATA     BIT       P2_1
      000000A0H.2 SFRSYM    DATA     BIT       P2_2
      000000A0H.3 SFRSYM    DATA     BIT       P2_3
      000000A0H.4 SFRSYM    DATA     BIT       P2_4
      000000A0H.5 SFRSYM    DATA     BIT       P2_5
      000000A0H.6 SFRSYM    DATA     BIT       P2_6
      000000A0H.7 SFRSYM    DATA     BIT       P2_7
      000000B0H   SFRSYM    DATA     BYTE      P3
      000000B0H   SFRSYM    DATA     BIT       P3_0
      000000B0H.1 SFRSYM    DATA     BIT       P3_1
      000000B0H.2 SFRSYM    DATA     BIT       P3_2
      000000B0H.3 SFRSYM    DATA     BIT       P3_3
      000000B0H.4 SFRSYM    DATA     BIT       P3_4
      000000B0H.5 SFRSYM    DATA     BIT       P3_5
      000000B0H.6 SFRSYM    DATA     BIT       P3_6
      000000B0H.7 SFRSYM    DATA     BIT       P3_7
      00000080H   SFRSYM    DATA     BYTE      P4
      00000080H   SFRSYM    DATA     BIT       P4_0
      00000080H.1 SFRSYM    DATA     BIT       P4_1
      00000080H.2 SFRSYM    DATA     BIT       P4_2
      00000080H.3 SFRSYM    DATA     BIT       P4_3
      00000080H.4 SFRSYM    DATA     BIT       P4_4
      00000080H.5 SFRSYM    DATA     BIT       P4_5
      00000080H.6 SFRSYM    DATA     BIT       P4_6
      00000080H.7 SFRSYM    DATA     BIT       P4_7
      00000092H   SFRSYM    DATA     BYTE      P4CNT
      000000A1H   SFRSYM    DATA     BYTE      P5
      000000A2H   SFRSYM    DATA     BYTE      P5CNT
      00000087H   SFRSYM    DATA     BYTE      PCON
      000000D8H.4 SFRSYM    DATA     BIT       PF1
      000000C4H   SFRSYM    DATA     BYTE      PMR
      000000D8H.6 SFRSYM    DATA     BIT       POR
      000000B8H.4 SFRSYM    DATA     BIT       PS0
      000000B8H.6 SFRSYM    DATA     BIT       PS1
      000000D0H   SFRSYM    DATA     BYTE      PSW
      000000B8H.1 SFRSYM    DATA     BIT       PT0
      000000B8H.3 SFRSYM    DATA     BIT       PT1
      000000B8H.5 SFRSYM    DATA     BIT       PT2
      000000F8H.4 SFRSYM    DATA     BIT       PWDI
      000000B8H   SFRSYM    DATA     BIT       PX0
      000000B8H.2 SFRSYM    DATA     BIT       PX1
      000000F8H   SFRSYM    DATA     BIT       PX2
      000000F8H.1 SFRSYM    DATA     BIT       PX3
      000000F8H.2 SFRSYM    DATA     BIT       PX4
      000000F8H.3 SFRSYM    DATA     BIT       PX5
      00000098H.2 SFRSYM    DATA     BIT       RB8
      000000C0H.2 SFRSYM    DATA     BIT       RB81
      000000CBH   SFRSYM    DATA     BYTE      RCAP2H
      000000CAH   SFRSYM    DATA     BYTE      RCAP2L
LX51 LINKER/LOCATER V3.64                                                             09/01/2006  16:15:05  PAGE 8


      000000C8H.5 SFRSYM    DATA     BIT       RCLK
      00000098H.4 SFRSYM    DATA     BIT       REN
      000000C0H.4 SFRSYM    DATA     BIT       REN1
      00000098H   SFRSYM    DATA     BIT       RI
      000000C0H   SFRSYM    DATA     BIT       RI1
      000000D0H.3 SFRSYM    DATA     BIT       RS0
      000000D0H.4 SFRSYM    DATA     BIT       RS1
      000000D8H   SFRSYM    DATA     BIT       RWT
      000000A9H   SFRSYM    DATA     BYTE      SADDR0
      000000AAH   SFRSYM    DATA     BYTE      SADDR1
      000000B9H   SFRSYM    DATA     BYTE      SADEN0
      000000BAH   SFRSYM    DATA     BYTE      SADEN1
      00000099H   SFRSYM    DATA     BYTE      SBUF0
      000000C1H   SFRSYM    DATA     BYTE      SBUF1
      00000098H   SFRSYM    DATA     BYTE      SCON0
      000000C0H   SFRSYM    DATA     BYTE      SCON1
      00000098H.7 SFRSYM    DATA     BIT       SM0
      000000C0H.7 SFRSYM    DATA     BIT       SM01
      00000098H.6 SFRSYM    DATA     BIT       SM1
      000000C0H.6 SFRSYM    DATA     BIT       SM11
      00000098H.5 SFRSYM    DATA     BIT       SM2
      000000C0H.5 SFRSYM    DATA     BIT       SM21
      000000D8H.7 SFRSYM    DATA     BIT       SMOD_1
      00000081H   SFRSYM    DATA     BYTE      SP
      000000C5H   SFRSYM    DATA     BYTE      STATUS
      000000C8H   SFRSYM    DATA     BYTE      T2CON
      000000C9H   SFRSYM    DATA     BYTE      T2MOD
      000000C7H   SFRSYM    DATA     BYTE      TA
      00000098H.3 SFRSYM    DATA     BIT       TB8
      000000C0H.3 SFRSYM    DATA     BIT       TB81
      000000C8H.4 SFRSYM    DATA     BIT       TCLK
      00000088H   SFRSYM    DATA     BYTE      TCON
      00000088H.5 SFRSYM    DATA     BIT       TF0
      00000088H.7 SFRSYM    DATA     BIT       TF1
      000000C8H.7 SFRSYM    DATA     BIT       TF2
      0000008CH   SFRSYM    DATA     BYTE      TH0
      0000008DH   SFRSYM    DATA     BYTE      TH1
      000000CDH   SFRSYM    DATA     BYTE      TH2
      00000098H.1 SFRSYM    DATA     BIT       TI
      000000C0H.1 SFRSYM    DATA     BIT       TI1
      0000008AH   SFRSYM    DATA     BYTE      TL0
      0000008BH   SFRSYM    DATA     BYTE      TL1
      000000CCH   SFRSYM    DATA     BYTE      TL2
      00000089H   SFRSYM    DATA     BYTE      TMOD
      00000088H.4 SFRSYM    DATA     BIT       TR0
      00000088H.6 SFRSYM    DATA     BIT       TR1
      000000C8H.2 SFRSYM    DATA     BIT       TR2
      000000D8H   SFRSYM    DATA     BYTE      WDCON
      000000D8H.3 SFRSYM    DATA     BIT       WDIF
      000000D8H.2 SFRSYM    DATA     BIT       WTRF
      0100080FH   SYMBOL    ECODE    NEAR LAB  LOOP
      0100082CH   SYMBOL    ECODE    NEAR LAB  MOVE_CONST2XDATA
      0100082FH   SYMBOL    ECODE    NEAR LAB  MOVE_LOOP
      01000003H   SYMBOL    HCONST   WORD      MY_CONST1
      02000000H   SYMBOL    HDATA    WORD      MY_WORD1
      02000014H   SYMBOL    HDATA    WORD      MY_WORD2
      00000008H   SYMBOL    EDATA    BYTE      STACK_AREA

      01000800H   BLOCK     ECODE    NEAR LAB  LVL=0
      01000800H   LINE      ECODE    ---       #31
      01000803H   LINE      ECODE    ---       #32
      01000806H   LINE      ECODE    ---       #33
      01000809H   LINE      ECODE    ---       #34
      0100080CH   LINE      ECODE    ---       #35
      0100080FH   LINE      ECODE    ---       #37
LX51 LINKER/LOCATER V3.64                                                             09/01/2006  16:15:05  PAGE 9


      01000812H   LINE      ECODE    ---       #38
      01000816H   LINE      ECODE    ---       #39
      01000819H   LINE      ECODE    ---       #40
      0100081DH   LINE      ECODE    ---       #41
      0100081FH   LINE      ECODE    ---       #43
      01000822H   LINE      ECODE    ---       #44
      01000826H   LINE      ECODE    ---       #45
      01000829H   LINE      ECODE    ---       #47
      0100082BH   LINE      ECODE    ---       #48
      ---         BLOCKEND  ---      ---       LVL=0

      0100082CH   BLOCK     ECODE    NEAR LAB  LVL=0
      0100082CH   LINE      ECODE    ---       #52
      0100082FH   LINE      ECODE    ---       #53
      01000830H   LINE      ECODE    ---       #54
      01000831H   LINE      ECODE    ---       #55
      01000832H   LINE      ECODE    ---       #56
      01000834H   LINE      ECODE    ---       #57
      01000835H   LINE      ECODE    ---       #58
      01000836H   LINE      ECODE    ---       #59
      01000838H   LINE      ECODE    ---       #60
      0100083AH   LINE      ECODE    ---       #61
      ---         BLOCKEND  ---      ---       LVL=0

******************************************************************************
* RESTRICTED VERSION WITH 0800H BYTE CODE SIZE LIMIT; USED: 0052H BYTE ( 4%) *
******************************************************************************

Program Size: data=8.0 xdata=140 const=20 code=62
LX51 RUN COMPLETE.  0 WARNING(S),  0 ERROR(S)
