C51 COMPILER V9.05   TIMER                                                                 04/27/2017 18:57:34 PAGE 1   


C51 COMPILER V9.05, COMPILATION OF MODULE TIMER
OBJECT MODULE PLACED IN .\Objects\timer.obj
COMPILER INVOKED BY: C:\Keil_v5\C51\BIN\C51.EXE timer.c OPTIMIZE(8,SPEED) BROWSE DEBUG OBJECTEXTEND PRINT(.\Listings\tim
                    -er.lst) TABS(2) OBJECT(.\Objects\timer.obj)

line level    source

   1          #include<reg51.h>
   2          
   3          sbit LED=P0^0;
   4          void Delay(unsigned int);
   5          void main(void)
   6          {
   7   1        TMOD=0x01;        /* Timer 0,Mode 1 */
   8   1        TH0=0x00;
   9   1        TL0=0x00;       /* Clear the sensor1 input */             
  10   1        while(1)
  11   1        {
  12   2          LED = ~LED;
  13   2          Delay(10);
  14   2        }
  15   1      }
  16          
  17          void Delay(unsigned int value)    /* Delay Subroutine*/
  18          {     
  19   1        unsigned int i;
  20   1        for(i=0;i<=value;i++)
  21   1        {
  22   2          TR0=1;      /* Start the timer */ 
  23   2          while(TF0==0);    /* wait till overflow */ 
  24   2          TR0=0;      /* Stop the timer */ 
  25   2          TF0=0;
  26   2        }
  27   1      }


MODULE INFORMATION:   STATIC OVERLAYABLE
   CODE SIZE        =     46    ----
   CONSTANT SIZE    =   ----    ----
   XDATA SIZE       =   ----    ----
   PDATA SIZE       =   ----    ----
   DATA SIZE        =   ----    ----
   IDATA SIZE       =   ----    ----
   BIT SIZE         =   ----    ----
END OF MODULE INFORMATION.


C51 COMPILATION COMPLETE.  0 WARNING(S),  0 ERROR(S)
