BL51 BANKED LINKER/LOCATER V6.22                                                        04/02/2013  10:52:42  PAGE 1


BL51 BANKED LINKER/LOCATER V6.22, INVOKED BY:
C:\KEIL\C51\BIN\BL51.EXE STARTUP.obj, KNL+RIM Testing.obj TO KNL+RIM Testing RAMSIZE (256)


MEMORY MODEL: SMALL


INPUT MODULES INCLUDED:
  STARTUP.obj (?C_STARTUP)
  KNL+RIM Testing.obj (KNL_RIM_TESTING)
  C:\KEIL\C51\LIB\C51S.LIB (?C?COPY)


LINK MAP OF MODULE:  KNL+RIM Testing (?C_STARTUP)


            TYPE    BASE      LENGTH    RELOCATION   SEGMENT NAME
            -----------------------------------------------------

            * * * * * * *   D A T A   M E M O R Y   * * * * * * *
            REG     0000H     0008H     ABSOLUTE     "REG BANK 0"
            DATA    0008H     0008H     UNIT         _DATA_GROUP_
            DATA    0010H     0004H     UNIT         ?DT?KNL_RIM_TESTING
            IDATA   0014H     0001H     UNIT         ?STACK

            * * * * * * *   C O D E   M E M O R Y   * * * * * * *
            CODE    0000H     0003H     ABSOLUTE     
                    0003H     07FDH                  *** GAP ***
            CODE    0800H     00F6H     UNIT         ?C?LIB_CODE
            CODE    08F6H     0096H     UNIT         ?PR?MAIN?KNL_RIM_TESTING
            CODE    098CH     0022H     UNIT         ?PR?_DELAY?KNL_RIM_TESTING
            CODE    09AEH     000CH     UNIT         ?C_C51STARTUP
            CODE    09BAH     0008H     UNIT         ?CO?KNL_RIM_TESTING



OVERLAY MAP OF MODULE:   KNL+RIM Testing (?C_STARTUP)


SEGMENT                              DATA_GROUP 
  +--> CALLED SEGMENT              START    LENGTH
--------------------------------------------------
?C_C51STARTUP                      -----    -----
  +--> ?PR?MAIN?KNL_RIM_TESTING

?PR?MAIN?KNL_RIM_TESTING           0008H    0008H
  +--> ?CO?KNL_RIM_TESTING
  +--> ?PR?_DELAY?KNL_RIM_TESTING



SYMBOL TABLE OF MODULE:  KNL+RIM Testing (?C_STARTUP)

  VALUE           TYPE          NAME
  ----------------------------------

  -------         MODULE        ?C_STARTUP
  C:09AEH         SEGMENT       ?C_C51STARTUP
BL51 BANKED LINKER/LOCATER V6.22                                                      04/02/2013  10:52:42  PAGE 2


  I:0014H         SEGMENT       ?STACK
  C:0000H         PUBLIC        ?C_STARTUP
  D:00E0H         SYMBOL        ACC
  D:00F0H         SYMBOL        B
  D:0083H         SYMBOL        DPH
  D:0082H         SYMBOL        DPL
  N:0000H         SYMBOL        IBPSTACK
  N:0100H         SYMBOL        IBPSTACKTOP
  N:0080H         SYMBOL        IDATALEN
  C:09B1H         SYMBOL        IDATALOOP
  N:0000H         SYMBOL        PBPSTACK
  N:0100H         SYMBOL        PBPSTACKTOP
  N:0000H         SYMBOL        PDATALEN
  N:0000H         SYMBOL        PDATASTART
  N:0000H         SYMBOL        PPAGE
  N:0000H         SYMBOL        PPAGEENABLE
  D:00A0H         SYMBOL        PPAGE_SFR
  D:0081H         SYMBOL        SP
  C:09AEH         SYMBOL        STARTUP1
  N:0000H         SYMBOL        XBPSTACK
  N:0000H         SYMBOL        XBPSTACKTOP
  N:0000H         SYMBOL        XDATALEN
  N:0000H         SYMBOL        XDATASTART
  C:0000H         LINE#         126
  C:09AEH         LINE#         133
  C:09B0H         LINE#         134
  C:09B1H         LINE#         135
  C:09B2H         LINE#         136
  C:09B4H         LINE#         185
  C:09B7H         LINE#         196
  -------         ENDMOD        ?C_STARTUP

  -------         MODULE        KNL_RIM_TESTING
  C:0000H         SYMBOL        _ICE_DUMMY_
  D:0080H         PUBLIC        P0
  D:0090H         PUBLIC        P1
  D:00A0H         PUBLIC        P2
  C:098CH         PUBLIC        _delay
  C:08F6H         PUBLIC        main
  D:0089H         PUBLIC        TMOD
  B:0090H.0       PUBLIC        sensordrcls
  C:09BAH         SYMBOL        _?ix1000
  B:0088H.5       PUBLIC        TF0
  D:008CH         PUBLIC        TH0
  D:008AH         PUBLIC        TL0
  B:0080H.3       PUBLIC        LED
  B:0088H.4       PUBLIC        TR0
  D:0010H         PUBLIC        i
  D:0012H         PUBLIC        x
  -------         PROC          MAIN
  -------         DO            
  D:0008H         SYMBOL        mydata
  -------         ENDDO         
  C:08F6H         LINE#         6
  C:08F6H         LINE#         7
  C:08F6H         LINE#         8
  C:0909H         LINE#         9
BL51 BANKED LINKER/LOCATER V6.22                                                      04/02/2013  10:52:42  PAGE 3


  C:090CH         LINE#         10
  C:090EH         LINE#         11
  C:0910H         LINE#         12
  C:0913H         LINE#         13
  C:0916H         LINE#         14
  C:0919H         LINE#         16
  C:0919H         LINE#         17
  C:0919H         LINE#         18
  C:091CH         LINE#         19
  C:091CH         LINE#         21
  C:0921H         LINE#         22
  C:0921H         LINE#         23
  C:0929H         LINE#         24
  C:0930H         LINE#         25
  C:0941H         LINE#         27
  C:0944H         LINE#         28
  C:0944H         LINE#         29
  C:0952H         LINE#         30
  C:0958H         LINE#         31
  C:0960H         LINE#         32
  C:0967H         LINE#         33
  C:096AH         LINE#         34
  C:0972H         LINE#         35
  C:0979H         LINE#         36
  C:097CH         LINE#         37
  C:0982H         LINE#         38
  C:0984H         LINE#         40
  C:0984H         LINE#         41
  C:0986H         LINE#         42
  C:0988H         LINE#         43
  C:0988H         LINE#         45
  C:0988H         LINE#         47
  C:0988H         LINE#         48
  C:098AH         LINE#         49
  -------         ENDPROC       MAIN
  -------         PROC          _DELAY
  D:0006H         SYMBOL        x
  C:098CH         LINE#         54
  C:098CH         LINE#         55
  C:098CH         LINE#         56
  C:099AH         LINE#         57
  C:099AH         LINE#         58
  C:099CH         LINE#         59
  C:099FH         LINE#         60
  C:09A1H         LINE#         61
  C:09A3H         LINE#         62
  C:09ADH         LINE#         63
  -------         ENDPROC       _DELAY
  -------         ENDMOD        KNL_RIM_TESTING

  -------         MODULE        ?C?COPY
  C:08D0H         PUBLIC        ?C?COPY
  -------         ENDMOD        ?C?COPY

******************************************************************************
* RESTRICTED VERSION WITH 0800H BYTE CODE SIZE LIMIT; USED: 00CFH BYTE (10%) *
******************************************************************************
BL51 BANKED LINKER/LOCATER V6.22                                                      04/02/2013  10:52:42  PAGE 4



Program Size: data=21.0 xdata=0 code=453
LINK/LOCATE RUN COMPLETE.  0 WARNING(S),  0 ERROR(S)
